Resolving dependencies...
Downloading packages...
  _fe_analyzer_shared 85.0.0 (93.0.0 available)
  analyzer 7.7.1 (10.0.1 available)
  appwrite 20.0.0 (20.3.3 available)
  build 3.1.0 (4.0.4 available)
  build_daemon 4.0.4 (4.1.1 available)
  build_resolvers 3.0.3 (3.0.4 available)
  build_runner 2.7.1 (2.10.5 available)
  build_runner_core 9.3.1 (9.3.2 available)
  built_value 8.12.0 (8.12.3 available)
  characters 1.4.0 (1.4.1 available)
  code_builder 4.11.0 (4.11.1 available)
  connectivity_plus 6.1.5 (7.0.0 available)
  crypto 3.0.6 (3.0.7 available)
  dart_style 3.1.1 (3.1.4 available)
  device_info_plus 11.5.0 (12.3.0 available)
  ffi 2.1.4 (2.1.5 available)
  file_picker 8.3.7 (10.3.8 available)
  flutter_lints 5.0.0 (6.0.0 available)
  flutter_svg 2.2.1 (2.2.3 available)
  flutter_web_auth_2 4.1.0 (5.0.0 available)
  flutter_web_auth_2_platform_interface 4.1.0 (5.0.0 available)
  http 1.5.0 (1.6.0 available)
  image 4.5.4 (4.7.2 available)
  json_serializable 6.11.1 (6.11.4 available)
  lints 5.1.1 (6.0.0 available)
  matcher 0.12.17 (0.12.18 available)
  material_color_utilities 0.11.1 (0.13.0 available)
  meta 1.17.0 (1.18.0 available)
  mocktail 0.3.0 (1.0.4 available)
  package_info_plus 8.3.1 (9.0.0 available)
  path_provider_android 2.2.18 (2.2.22 available)
  path_provider_foundation 2.4.2 (2.6.0 available)
  pdfium_flutter 0.1.7 (0.1.9 available)
  pdfrx 2.2.18 (2.2.24 available)
  pdfrx_engine 0.3.6 (0.3.9 available)
  share_plus 10.1.4 (12.0.1 available)
  share_plus_platform_interface 5.0.2 (6.1.0 available)
  shared_preferences 2.5.3 (2.5.4 available)
  shared_preferences_android 2.4.13 (2.4.18 available)
  shared_preferences_foundation 2.5.4 (2.5.6 available)
  slang 4.11.1 (4.12.0 available)
  slang_build_runner 4.11.0 (4.12.0 available)
  slang_flutter 4.11.0 (4.12.0 available)
  slang_gpt 0.11.1 (0.11.2 available)
  source_gen 4.0.0 (4.2.0 available)
  source_helper 1.3.8 (1.3.10 available)
  sqflite_common_ffi 2.4.0+1 (2.4.0+2 available)
  sqlite3 3.1.1 (3.1.3 available)
  test 1.26.3 (1.29.0 available)
  test_api 0.7.7 (0.7.9 available)
  test_core 0.6.12 (0.6.15 available)
  universal_io 2.2.2 (2.3.1 available)
  url_launcher_android 6.3.22 (6.3.28 available)
  url_launcher_ios 6.3.4 (6.3.6 available)
  url_launcher_linux 3.2.1 (3.2.2 available)
  url_launcher_macos 3.2.3 (3.2.5 available)
  url_launcher_web 2.4.1 (2.4.2 available)
  url_launcher_windows 3.1.4 (3.1.5 available)
  vector_graphics_compiler 1.1.19 (1.1.20 available)
  watcher 1.1.4 (1.2.1 available)
  win32 5.14.0 (5.15.0 available)
Got dependencies!
61 packages have newer versions incompatible with dependency constraints.
Try `flutter pub outdated` for more information.
00:00 +0: loading /app/test/background/secure_storage_mock_test.dart                                                                                                                                   00:01 +0: loading /app/test/background/secure_storage_mock_test.dart                                                                                                                                   00:02 +0: loading /app/test/background/secure_storage_mock_test.dart                                                                                                                                   00:03 +0: loading /app/test/background/secure_storage_mock_test.dart                                                                                                                                   00:04 +0: loading /app/test/background/secure_storage_mock_test.dart                                                                                                                                   00:04 +0: /app/test/background/secure_storage_mock_test.dart: FlutterSecureStorage reads inkpadu_cached_user_id correctly via channel                                                                  00:04 +1: /app/test/background/secure_storage_mock_test.dart: FlutterSecureStorage reads inkpadu_cached_user_id correctly via channel                                                                  00:04 +1: loading /app/test/note_thumbnail_test.dart                                                                                                                                                   00:04 +1: /app/test/note_thumbnail_test.dart: NoteThumbnail renders correctly with strokes                                                                                                             00:05 +1: /app/test/note_thumbnail_test.dart: NoteThumbnail renders correctly with strokes                                                                                                             00:05 +2: /app/test/note_thumbnail_test.dart: NoteThumbnail renders correctly with strokes                                                                                                             00:06 +2: /app/test/note_thumbnail_test.dart: NoteThumbnail renders correctly with strokes                                                                                                             00:06 +2: loading /app/test/widget/widget_test.dart                                                                                                                                                    00:06 +2: /app/test/widget/widget_test.dart: zeigt Onboarding-Bildschirm an                                                                                                                            00:07 +2: /app/test/widget/widget_test.dart: zeigt Onboarding-Bildschirm an                                                                                                                            00:07 +3: /app/test/widget/widget_test.dart: zeigt Onboarding-Bildschirm an                                                                                                                            00:07 +3: loading /app/test/app/auth/auth_controller_test.dart                                                                                                                                         00:07 +3: /app/test/app/auth/auth_controller_test.dart: initialize loads user from secure storage when appwrite fails                                                                                  00:07 +3: /app/test/app/auth/auth_controller_test.dart: initialize loads user from secure storage when appwrite fails
Error getting device info: MissingPluginException(No implementation found for method getAll on channel dev.fluttercommunity.plus/package_info)
00:07 +4: /app/test/app/auth/auth_controller_test.dart: initialize loads user from secure storage when appwrite fails                                                                                  00:07 +4: /app/test/app/auth/auth_controller_test.dart: initialize migrates data from SharedPreferences to FlutterSecureStorage                                                                        00:07 +5: /app/test/app/auth/auth_controller_test.dart: initialize migrates data from SharedPreferences to FlutterSecureStorage                                                                        00:07 +5: /app/test/app/auth/auth_controller_test.dart: logout clears both secure storage and shared preferences                                                                                       00:07 +6: /app/test/app/auth/auth_controller_test.dart: logout clears both secure storage and shared preferences                                                                                       00:08 +6: /app/test/app/auth/auth_controller_test.dart: logout clears both secure storage and shared preferences                                                                                       00:08 +6: loading /app/test/features/drawing/application/shape_recognizer_test.dart                                                                                                                    00:08 +6: /app/test/features/drawing/application/shape_recognizer_test.dart: ShapeRecognizer recognizes a line                                                                                         00:08 +7: /app/test/features/drawing/application/shape_recognizer_test.dart: ShapeRecognizer recognizes a line                                                                                         00:08 +7: /app/test/features/drawing/application/shape_recognizer_test.dart: ShapeRecognizer recognizes a triangle                                                                                     00:08 +8: /app/test/features/drawing/application/shape_recognizer_test.dart: ShapeRecognizer recognizes a triangle                                                                                     00:08 +8: /app/test/features/drawing/application/shape_recognizer_test.dart: ShapeRecognizer recognizes a rectangle                                                                                    00:08 +9: /app/test/features/drawing/application/shape_recognizer_test.dart: ShapeRecognizer recognizes a rectangle                                                                                    00:08 +9: /app/test/features/drawing/application/shape_recognizer_test.dart: ShapeRecognizer recognizes an ellipse                                                                                     00:08 +10: /app/test/features/drawing/application/shape_recognizer_test.dart: ShapeRecognizer recognizes an ellipse                                                                                    00:09 +10: /app/test/features/drawing/application/shape_recognizer_test.dart: ShapeRecognizer recognizes an ellipse                                                                                    00:09 +10: loading /app/test/features/drawing/application/convex_hull_calculator_test.dart                                                                                                             00:09 +10: /app/test/features/drawing/application/convex_hull_calculator_test.dart: ConvexHullCalculator.contoursForStrokesSync returns tight contour for rectangle stroke                             00:09 +11: /app/test/features/drawing/application/convex_hull_calculator_test.dart: ConvexHullCalculator.contoursForStrokesSync returns tight contour for rectangle stroke                             00:09 +11: /app/test/features/drawing/application/convex_hull_calculator_test.dart: ConvexHullCalculator.contoursForStrokesSync produces combined contour for overlapping strokes                      00:09 +12: /app/test/features/drawing/application/convex_hull_calculator_test.dart: ConvexHullCalculator.contoursForStrokesSync produces combined contour for overlapping strokes                      00:09 +12: /app/test/features/drawing/application/convex_hull_calculator_test.dart: ConvexHullCalculator.contoursForStrokesSync captures very thin strokes                                             00:09 +13: /app/test/features/drawing/application/convex_hull_calculator_test.dart: ConvexHullCalculator.contoursForStrokesSync captures very thin strokes                                             00:09 +13: /app/test/features/drawing/application/convex_hull_calculator_test.dart: ConvexHullCalculator.contoursForStrokesSync fills the interior of circular strokes                                 00:09 +14: /app/test/features/drawing/application/convex_hull_calculator_test.dart: ConvexHullCalculator.contoursForStrokesSync fills the interior of circular strokes                                 00:09 +14: /app/test/features/drawing/application/convex_hull_calculator_test.dart: ConvexHullCalculator.contoursForStrokesSync connects strokes that are close to each other                          00:09 +15: /app/test/features/drawing/application/convex_hull_calculator_test.dart: ConvexHullCalculator.contoursForStrokesSync connects strokes that are close to each other                          00:09 +15: /app/test/features/drawing/application/convex_hull_calculator_test.dart: ConvexHullCalculator.contoursForStrokesSync returns empty list when no strokes present                             00:09 +16: /app/test/features/drawing/application/convex_hull_calculator_test.dart: ConvexHullCalculator.contoursForStrokesSync returns empty list when no strokes present                             00:09 +16: /app/test/features/drawing/application/convex_hull_calculator_test.dart: ConvexHullCalculator.contoursForStrokes (async) returns tight contour for rectangle stroke                         00:09 +17: /app/test/features/drawing/application/convex_hull_calculator_test.dart: ConvexHullCalculator.contoursForStrokes (async) returns tight contour for rectangle stroke                         00:09 +17: /app/test/features/drawing/application/convex_hull_calculator_test.dart: ConvexHullCalculator.contoursForStrokes (async) returns empty list when no strokes present                         00:09 +18: /app/test/features/drawing/application/convex_hull_calculator_test.dart: ConvexHullCalculator.contoursForStrokes (async) returns empty list when no strokes present                         00:09 +18: /app/test/features/drawing/application/convex_hull_calculator_test.dart: ConvexHullCalculator.calculateOverlays (async) returns hulls and clusters                                          00:09 +19: /app/test/features/drawing/application/convex_hull_calculator_test.dart: ConvexHullCalculator.calculateOverlays (async) returns hulls and clusters                                          00:09 +19: /app/test/features/drawing/application/convex_hull_calculator_test.dart: ConvexHullCalculator.calculateOverlays (async) handles overlapping clusters correctly in background                00:09 +20: /app/test/features/drawing/application/convex_hull_calculator_test.dart: ConvexHullCalculator.calculateOverlays (async) handles overlapping clusters correctly in background                00:09 +20: /app/test/features/drawing/application/convex_hull_calculator_test.dart: ConvexHullCalculator.minimalBoundingBoxForPolygon matches axis-aligned rectangle                                   00:09 +21: /app/test/features/drawing/application/convex_hull_calculator_test.dart: ConvexHullCalculator.minimalBoundingBoxForPolygon matches axis-aligned rectangle                                   00:09 +21: /app/test/features/drawing/application/convex_hull_calculator_test.dart: ConvexHullCalculator.minimalBoundingBoxForPolygon recovers rotated rectangle                                       00:09 +22: /app/test/features/drawing/application/convex_hull_calculator_test.dart: ConvexHullCalculator.minimalBoundingBoxForPolygon recovers rotated rectangle                                       00:09 +22: /app/test/features/drawing/application/convex_hull_calculator_test.dart: ConvexHullCalculator.minimalBoundingBoxForPolygon handles single point polygon                                     00:09 +23: /app/test/features/drawing/application/convex_hull_calculator_test.dart: ConvexHullCalculator.minimalBoundingBoxForPolygon handles single point polygon                                     00:09 +23: /app/test/features/drawing/application/convex_hull_calculator_test.dart: ConvexHullCalculator.boundingBoxesForContours uses stroke points within contour and adds radius margin             00:09 +24: /app/test/features/drawing/application/convex_hull_calculator_test.dart: ConvexHullCalculator.boundingBoxesForContours uses stroke points within contour and adds radius margin             00:09 +24: /app/test/features/drawing/application/convex_hull_calculator_test.dart: ConvexHullCalculator.boundingBoxesForContours groups strokes per contour                                           00:09 +25: /app/test/features/drawing/application/convex_hull_calculator_test.dart: ConvexHullCalculator.boundingBoxesForContours groups strokes per contour                                           00:09 +25: /app/test/features/drawing/application/convex_hull_calculator_test.dart: ConvexHullCalculator.boundingBoxesForContours falls back to contour box when no strokes assigned                   00:09 +26: /app/test/features/drawing/application/convex_hull_calculator_test.dart: ConvexHullCalculator.boundingBoxesForContours falls back to contour box when no strokes assigned                   00:09 +26: /app/test/features/drawing/application/convex_hull_calculator_test.dart: ConvexHullCalculator.boundingBoxesForContours merges overlapping bounding boxes                                    00:09 +27: /app/test/features/drawing/application/convex_hull_calculator_test.dart: ConvexHullCalculator.boundingBoxesForContours merges overlapping bounding boxes                                    00:10 +27: /app/test/features/drawing/application/convex_hull_calculator_test.dart: ConvexHullCalculator.boundingBoxesForContours merges overlapping bounding boxes                                    00:10 +27: loading /app/test/features/drawing/application/drawing_controller_test.dart                                                                                                                 00:10 +27: /app/test/features/drawing/application/drawing_controller_test.dart: DrawingController starts empty with no undo or redo possible                                                           00:10 +28: /app/test/features/drawing/application/drawing_controller_test.dart: DrawingController starts empty with no undo or redo possible                                                           00:10 +28: /app/test/features/drawing/application/drawing_controller_test.dart: DrawingController initialize clones provided strokes and resets redo stack                                             00:10 +29: /app/test/features/drawing/application/drawing_controller_test.dart: DrawingController initialize clones provided strokes and resets redo stack                                             00:10 +29: /app/test/features/drawing/application/drawing_controller_test.dart: DrawingController endStroke returns false for strokes with fewer than two points                                       00:10 +30: /app/test/features/drawing/application/drawing_controller_test.dart: DrawingController endStroke returns false for strokes with fewer than two points                                       00:10 +30: /app/test/features/drawing/application/drawing_controller_test.dart: DrawingController start, update and end stroke adds simplified stroke and clears redo stack                            00:10 +31: /app/test/features/drawing/application/drawing_controller_test.dart: DrawingController start, update and end stroke adds simplified stroke and clears redo stack                            00:10 +31: /app/test/features/drawing/application/drawing_controller_test.dart: DrawingController undo and redo manipulate stroke history correctly                                                    00:10 +32: /app/test/features/drawing/application/drawing_controller_test.dart: DrawingController undo and redo manipulate stroke history correctly                                                    00:10 +32: /app/test/features/drawing/application/drawing_controller_test.dart: DrawingController clear removes all strokes and resets redo history                                                    00:10 +33: /app/test/features/drawing/application/drawing_controller_test.dart: DrawingController clear removes all strokes and resets redo history                                                    00:10 +33: /app/test/features/drawing/application/drawing_controller_test.dart: DrawingController cancelCurrentStroke aborts drawing without affecting committed strokes                               00:10 +34: /app/test/features/drawing/application/drawing_controller_test.dart: DrawingController cancelCurrentStroke aborts drawing without affecting committed strokes                               00:10 +34: /app/test/features/drawing/application/drawing_controller_test.dart: DrawingController stress: handles 150 strokes with 200 points each                                                     00:10 +35: /app/test/features/drawing/application/drawing_controller_test.dart: DrawingController stress: handles 150 strokes with 200 points each                                                     00:10 +35: loading /app/test/features/drawing/application/stroke_simplifier_test.dart                                                                                                                  00:10 +35: /app/test/features/drawing/application/stroke_simplifier_test.dart: simplifyStrokePoints (RDP Algorithm) returns empty list for empty input                                                 00:10 +36: /app/test/features/drawing/application/stroke_simplifier_test.dart: simplifyStrokePoints (RDP Algorithm) returns empty list for empty input                                                 00:10 +36: /app/test/features/drawing/application/stroke_simplifier_test.dart: simplifyStrokePoints (RDP Algorithm) returns original list for 1 point                                                  00:10 +37: /app/test/features/drawing/application/stroke_simplifier_test.dart: simplifyStrokePoints (RDP Algorithm) returns original list for 1 point                                                  00:10 +37: /app/test/features/drawing/application/stroke_simplifier_test.dart: simplifyStrokePoints (RDP Algorithm) returns original list for 2 points                                                 00:10 +38: /app/test/features/drawing/application/stroke_simplifier_test.dart: simplifyStrokePoints (RDP Algorithm) returns original list for 2 points                                                 00:11 +38: /app/test/features/drawing/application/stroke_simplifier_test.dart: simplifyStrokePoints (RDP Algorithm) removes middle point if it is perfectly on the line                                00:11 +39: /app/test/features/drawing/application/stroke_simplifier_test.dart: simplifyStrokePoints (RDP Algorithm) removes middle point if it is perfectly on the line                                00:11 +39: /app/test/features/drawing/application/stroke_simplifier_test.dart: simplifyStrokePoints (RDP Algorithm) keeps middle point if it is outside tolerance                                      00:11 +40: /app/test/features/drawing/application/stroke_simplifier_test.dart: simplifyStrokePoints (RDP Algorithm) keeps middle point if it is outside tolerance                                      00:11 +40: /app/test/features/drawing/application/stroke_simplifier_test.dart: simplifyStrokePoints (RDP Algorithm) removes points within specific tolerance                                           00:11 +41: /app/test/features/drawing/application/stroke_simplifier_test.dart: simplifyStrokePoints (RDP Algorithm) removes points within specific tolerance                                           00:11 +41: /app/test/features/drawing/application/stroke_simplifier_test.dart: simplifyStrokePoints (RDP Algorithm) keeps points outside specific tolerance                                            00:11 +42: /app/test/features/drawing/application/stroke_simplifier_test.dart: simplifyStrokePoints (RDP Algorithm) keeps points outside specific tolerance                                            00:11 +42: /app/test/features/drawing/application/stroke_simplifier_test.dart: simplifyStrokePoints (RDP Algorithm) handles negative tolerance as 0 (strict)                                           00:11 +43: /app/test/features/drawing/application/stroke_simplifier_test.dart: simplifyStrokePoints (RDP Algorithm) handles negative tolerance as 0 (strict)                                           00:11 +43: /app/test/features/drawing/application/stroke_simplifier_test.dart: simplifyStrokePoints (RDP Algorithm) handles zigzag pattern correctly                                                   00:11 +44: /app/test/features/drawing/application/stroke_simplifier_test.dart: simplifyStrokePoints (RDP Algorithm) handles zigzag pattern correctly                                                   00:11 +44: /app/test/features/drawing/application/stroke_simplifier_test.dart: simplifyStrokePoints (RDP Algorithm) handles NaN tolerance as 0                                                         00:11 +45: /app/test/features/drawing/application/stroke_simplifier_test.dart: simplifyStrokePoints (RDP Algorithm) handles NaN tolerance as 0                                                         00:11 +45: /app/test/features/drawing/application/stroke_simplifier_test.dart: simplifyStroke preserves stroke properties                                                                              00:11 +46: /app/test/features/drawing/application/stroke_simplifier_test.dart: simplifyStroke preserves stroke properties                                                                              00:11 +46: loading /app/test/features/drawing/domain/stroke_test.dart                                                                                                                                  00:11 +46: /app/test/features/drawing/domain/stroke_test.dart: Stroke creates Stroke with default values                                                                                               00:11 +47: /app/test/features/drawing/domain/stroke_test.dart: Stroke creates Stroke with default values                                                                                               00:11 +47: /app/test/features/drawing/domain/stroke_test.dart: Stroke creates Stroke with custom values                                                                                                00:11 +48: /app/test/features/drawing/domain/stroke_test.dart: Stroke creates Stroke with custom values                                                                                                00:11 +48: /app/test/features/drawing/domain/stroke_test.dart: Stroke boundingBox returns Rect.zero for empty points                                                                                   00:11 +49: /app/test/features/drawing/domain/stroke_test.dart: Stroke boundingBox returns Rect.zero for empty points                                                                                   00:11 +49: /app/test/features/drawing/domain/stroke_test.dart: Stroke boundingBox calculates correct bounding box for points                                                                           00:11 +50: /app/test/features/drawing/domain/stroke_test.dart: Stroke boundingBox calculates correct bounding box for points                                                                           00:11 +50: /app/test/features/drawing/domain/stroke_test.dart: Stroke boundingBox caches bounding box calculation                                                                                      00:11 +51: /app/test/features/drawing/domain/stroke_test.dart: Stroke boundingBox caches bounding box calculation                                                                                      00:11 +51: /app/test/features/drawing/domain/stroke_test.dart: Stroke copyWith copies with new values                                                                                                  00:11 +52: /app/test/features/drawing/domain/stroke_test.dart: Stroke copyWith copies with new values                                                                                                  00:11 +52: /app/test/features/drawing/domain/stroke_test.dart: Stroke copyWith copies with existing values if nulls passed                                                                             00:11 +53: /app/test/features/drawing/domain/stroke_test.dart: Stroke copyWith copies with existing values if nulls passed                                                                             00:11 +53: /app/test/features/drawing/domain/stroke_test.dart: Stroke serialization toJson converts correctly                                                                                          00:11 +54: /app/test/features/drawing/domain/stroke_test.dart: Stroke serialization toJson converts correctly                                                                                          00:11 +54: /app/test/features/drawing/domain/stroke_test.dart: Stroke serialization fromJson creates correct object                                                                                    00:11 +55: /app/test/features/drawing/domain/stroke_test.dart: Stroke serialization fromJson creates correct object                                                                                    00:11 +55: /app/test/features/drawing/domain/stroke_test.dart: Stroke serialization fromJson handles missing optional fields                                                                           00:11 +56: /app/test/features/drawing/domain/stroke_test.dart: Stroke serialization fromJson handles missing optional fields                                                                           00:12 +56: /app/test/features/drawing/domain/stroke_test.dart: Stroke serialization fromJson handles missing optional fields                                                                           00:12 +56: loading /app/test/features/drawing/presentation/drawing_painter_test.dart                                                                                                                   00:12 +56: /app/test/features/drawing/presentation/drawing_painter_test.dart: (setUpAll)                                                                                                               00:12 +56: /app/test/features/drawing/presentation/drawing_painter_test.dart: FinishedStrokesPainter shouldRepaint returns true when version changes                                                   00:12 +57: /app/test/features/drawing/presentation/drawing_painter_test.dart: FinishedStrokesPainter shouldRepaint returns true when version changes                                                   00:12 +57: /app/test/features/drawing/presentation/drawing_painter_test.dart: FinishedStrokesPainter shouldRepaint returns false when version is same                                                  00:12 +58: /app/test/features/drawing/presentation/drawing_painter_test.dart: FinishedStrokesPainter shouldRepaint returns false when version is same                                                  00:12 +58: /app/test/features/drawing/presentation/drawing_painter_test.dart: FinishedStrokesPainter paint calls canvas.drawPath for optimized strokes                                                 00:12 +59: /app/test/features/drawing/presentation/drawing_painter_test.dart: FinishedStrokesPainter paint calls canvas.drawPath for optimized strokes                                                 00:12 +59: /app/test/features/drawing/presentation/drawing_painter_test.dart: FinishedStrokesPainter paint handles empty strokes gracefully                                                            00:12 +60: /app/test/features/drawing/presentation/drawing_painter_test.dart: FinishedStrokesPainter paint handles empty strokes gracefully                                                            00:12 +60: /app/test/features/drawing/presentation/drawing_painter_test.dart: CurrentStrokePainter shouldRepaint returns true when currentStroke changes                                               00:12 +61: /app/test/features/drawing/presentation/drawing_painter_test.dart: CurrentStrokePainter shouldRepaint returns true when currentStroke changes                                               00:12 +61: /app/test/features/drawing/presentation/drawing_painter_test.dart: CurrentStrokePainter shouldRepaint returns true when pointCount changes                                                  00:12 +62: /app/test/features/drawing/presentation/drawing_painter_test.dart: CurrentStrokePainter shouldRepaint returns true when pointCount changes                                                  00:12 +62: /app/test/features/drawing/presentation/drawing_painter_test.dart: CurrentStrokePainter shouldRepaint returns false when unchanged                                                          00:12 +63: /app/test/features/drawing/presentation/drawing_painter_test.dart: CurrentStrokePainter shouldRepaint returns false when unchanged                                                          00:12 +63: /app/test/features/drawing/presentation/drawing_painter_test.dart: CurrentStrokePainter paint calls canvas.drawPath                                                                         00:12 +64: /app/test/features/drawing/presentation/drawing_painter_test.dart: CurrentStrokePainter paint calls canvas.drawPath                                                                         00:12 +64: /app/test/features/drawing/presentation/drawing_painter_test.dart: CurrentStrokePainter paint does nothing if currentStroke is null                                                         00:12 +65: /app/test/features/drawing/presentation/drawing_painter_test.dart: CurrentStrokePainter paint does nothing if currentStroke is null                                                         00:12 +65: /app/test/features/drawing/presentation/drawing_painter_test.dart: ConvexHullsPainter shouldRepaint returns true when hulls change                                                          00:12 +66: /app/test/features/drawing/presentation/drawing_painter_test.dart: ConvexHullsPainter shouldRepaint returns true when hulls change                                                          00:12 +66: /app/test/features/drawing/presentation/drawing_painter_test.dart: ConvexHullsPainter shouldRepaint returns true when boundingBoxes change                                                  00:12 +67: /app/test/features/drawing/presentation/drawing_painter_test.dart: ConvexHullsPainter shouldRepaint returns true when boundingBoxes change                                                  00:12 +67: /app/test/features/drawing/presentation/drawing_painter_test.dart: ConvexHullsPainter shouldRepaint returns false when unchanged                                                            00:12 +68: /app/test/features/drawing/presentation/drawing_painter_test.dart: ConvexHullsPainter shouldRepaint returns false when unchanged                                                            00:12 +68: /app/test/features/drawing/presentation/drawing_painter_test.dart: ConvexHullsPainter paint draws paths for hulls and boxes                                                                 00:12 +69: /app/test/features/drawing/presentation/drawing_painter_test.dart: ConvexHullsPainter paint draws paths for hulls and boxes                                                                 00:12 +69: /app/test/features/drawing/presentation/drawing_painter_test.dart: ConvexHullsPainter paint handles zero size boxes                                                                         00:12 +70: /app/test/features/drawing/presentation/drawing_painter_test.dart: ConvexHullsPainter paint handles zero size boxes                                                                         00:12 +70: /app/test/features/drawing/presentation/drawing_painter_test.dart: (tearDownAll)                                                                                                            00:12 +70: loading /app/test/features/notes/domain/note_test.dart                                                                                                                                      00:12 +70: /app/test/features/notes/domain/note_test.dart: displayTitle liefert einen Fallback für leere Titel                                                                                         00:12 +71: /app/test/features/notes/domain/note_test.dart: displayTitle liefert einen Fallback für leere Titel                                                                                         00:12 +71: /app/test/features/notes/domain/note_test.dart: preview gibt die erste Textzeile zurück                                                                                                     00:12 +72: /app/test/features/notes/domain/note_test.dart: preview gibt die erste Textzeile zurück                                                                                                     00:12 +72: /app/test/features/notes/domain/note_test.dart: copyWith aktualisiert Inhalte und Zeitstempel                                                                                               00:12 +73: /app/test/features/notes/domain/note_test.dart: copyWith aktualisiert Inhalte und Zeitstempel                                                                                               00:13 +73: /app/test/features/notes/domain/note_test.dart: copyWith aktualisiert Inhalte und Zeitstempel                                                                                               00:14 +73: /app/test/features/notes/domain/note_test.dart: copyWith aktualisiert Inhalte und Zeitstempel                                                                                               00:14 +73: loading /app/test/features/editor/presentation/editor_page_test.dart                                                                                                                        00:14 +73: /app/test/features/editor/presentation/editor_page_test.dart: EditorPage zeigt die initialen Inhalte an                                                                                     00:14 +74: /app/test/features/editor/presentation/editor_page_test.dart: EditorPage zeigt die initialen Inhalte an                                                                                     00:14 +75: /app/test/features/editor/presentation/editor_page_test.dart: EditorPage zeigt die initialen Inhalte an                                                                                     00:14 +76: /app/test/features/editor/presentation/editor_page_test.dart: EditorPage zeigt die initialen Inhalte an                                                                                     00:14 +77: /app/test/features/editor/presentation/editor_page_test.dart: EditorPage zeigt die initialen Inhalte an                                                                                     00:14 +78: /app/test/features/editor/presentation/editor_page_test.dart: EditorPage zeigt die initialen Inhalte an                                                                                     00:14 +79: /app/test/features/editor/presentation/editor_page_test.dart: EditorPage zeigt die initialen Inhalte an                                                                                     00:14 +80: /app/test/features/editor/presentation/editor_page_test.dart: EditorPage zeigt die initialen Inhalte an                                                                                     00:15 +80: /app/test/features/editor/presentation/editor_page_test.dart: EditorPage zeigt die initialen Inhalte an                                                                                     00:15 +81: /app/test/features/editor/presentation/editor_page_test.dart: EditorPage zeigt die initialen Inhalte an                                                                                     00:15 +82: /app/test/features/editor/presentation/editor_page_test.dart: EditorPage zeigt die initialen Inhalte an                                                                                     00:15 +83: /app/test/features/editor/presentation/editor_page_test.dart: EditorPage zeigt die initialen Inhalte an                                                                                     00:15 +84: /app/test/features/editor/presentation/editor_page_test.dart: EditorPage zeigt die initialen Inhalte an                                                                                     00:16 +84: /app/test/features/editor/presentation/editor_page_test.dart: EditorPage zeigt die initialen Inhalte an                                                                                     00:16 +84: loading /app/test/features/home/presentation/home_page_test.dart                                                                                                                            00:16 +84: /app/test/features/home/presentation/home_page_test.dart: (setUpAll)                                                                                                                        00:16 +84: /app/test/features/home/presentation/home_page_test.dart: Liste zeigt neu erstellte Notiz per FAB                                                                                           00:16 +85: /app/test/features/home/presentation/home_page_test.dart: Liste zeigt neu erstellte Notiz per FAB                                                                                           00:16 +86: /app/test/features/home/presentation/home_page_test.dart: Liste zeigt neu erstellte Notiz per FAB                                                                                           00:17 +86: /app/test/features/home/presentation/home_page_test.dart: Liste zeigt neu erstellte Notiz per FAB                                                                                           00:18 +86: /app/test/features/home/presentation/home_page_test.dart: Liste zeigt neu erstellte Notiz per FAB                                                                                           00:18 +87: /app/test/features/home/presentation/home_page_test.dart: Liste zeigt neu erstellte Notiz per FAB                                                                                           00:18 +88: /app/test/features/home/presentation/home_page_test.dart: Liste zeigt neu erstellte Notiz per FAB                                                                                           00:19 +88: /app/test/features/home/presentation/home_page_test.dart: Liste zeigt neu erstellte Notiz per FAB                                                                                           00:19 +88: /app/test/features/home/presentation/home_page_test.dart: Liste zeigt neu erstellte Notiz per FAB
[InkNotesController] notifyListeners called
[AssistantPanel] InkNotes listener updated
[InkNotesController] notifyListeners called
[AssistantPanel] InkNotes changed, checking for updates...
[AssistantPanel] Controller refresh result: false
[InkNotesController] notifyListeners called
[AssistantPanel] InkNotes changed, checking for updates...
[DrawingNoteController] Refreshing note from source
[DrawingNoteController] Old updatedAt: 2026-01-21 17:20:37.359699
[DrawingNoteController] New updatedAt: 2026-01-21 17:20:37.363516
[DrawingNoteController] Note refreshed successfully
[AssistantPanel] Controller refresh result: true
00:19 +89: /app/test/features/ink/ink_notes_controller_debounce_test.dart: (setUpAll)                                                                                                                  00:20 +89: /app/test/features/ink/ink_notes_controller_debounce_test.dart: (setUpAll)                                                                                                                  00:20 +89: /app/test/features/home/presentation/home_page_test.dart: Mehrere Notizen erscheinen (>=2) in Übersicht                                                                                     00:20 +89: /app/test/features/home/presentation/home_page_test.dart: Mehrere Notizen erscheinen (>=2) in Übersicht
[InkNotesController] notifyListeners called
[InkNotesController] notifyListeners called
00:20 +89: /app/test/features/ink/ink_notes_controller_debounce_test.dart: debounces rapid upserts to keep the latest payload
[InkNotesController] notifyListeners called
[InkNotesController] notifyListeners called
[InkNotesController] notifyListeners called
[InkNotesController] notifyListeners called
00:20 +90: /app/test/features/ink/ink_notes_controller_debounce_test.dart: debounces rapid upserts to keep the latest payload                                                                          00:20 +90: /app/test/features/ink/ink_notes_controller_debounce_test.dart: debounces rapid upserts to keep the latest payload
[InkNotesController] notifyListeners called
[InkNotesController] notifyListeners called
00:20 +90: /app/test/features/home/presentation/home_page_test.dart: Swipe löscht Notiz nach Bestätigung
[InkNotesController] notifyListeners called
00:20 +91: /app/test/features/home/presentation/home_page_test.dart: Swipe löscht Notiz nach Bestätigung                                                                                               00:20 +91: /app/test/features/ink/ink_notes_controller_debounce_test.dart: delete is cancelled by subsequent upsert for same id
[InkNotesController] notifyListeners called
[InkNotesController] notifyListeners called
[InkNotesController] notifyListeners called
[InkNotesController] notifyListeners called
00:20 +91: /app/test/features/home/presentation/home_page_test.dart: Swipe löscht Notiz nach Bestätigung
[InkNotesController] notifyListeners called
00:20 +92: /app/test/features/ink/ink_notes_controller_debounce_test.dart: delete is cancelled by subsequent upsert for same id                                                                        00:20 +92: /app/test/features/home/presentation/home_page_test.dart: Swipe behält Notiz nach Abbruch
[InkNotesController] notifyListeners called
00:20 +93: /app/test/features/home/presentation/home_page_test.dart: Swipe behält Notiz nach Abbruch                                                                                                   00:20 +94: /app/test/features/home/presentation/home_page_test.dart: Swipe behält Notiz nach Abbruch                                                                                                   00:20 +94: /app/test/features/home/presentation/home_page_test.dart: (tearDownAll)                                                                                                                     00:21 +94: /app/test/features/home/presentation/home_page_test.dart: (tearDownAll)                                                                                                                     00:22 +94: /app/test/features/home/presentation/home_page_test.dart: (tearDownAll)                                                                                                                     00:22 +94: loading /app/test/features/ink/application/assistant/azure_assistant_api_service_test.dart                                                                                                  00:22 +94: /app/test/features/ink/application/assistant/azure_assistant_api_service_test.dart: AzureAssistantRequest creates request without pdfContext                                                00:22 +95: /app/test/features/ink/application/assistant/azure_assistant_api_service_test.dart: AzureAssistantRequest creates request without pdfContext                                                00:22 +95: /app/test/features/ink/application/assistant/azure_assistant_api_service_test.dart: AzureAssistantRequest creates request with pdfContext                                                   00:22 +96: /app/test/features/ink/application/assistant/azure_assistant_api_service_test.dart: AzureAssistantRequest creates request with pdfContext                                                   00:22 +96: /app/test/features/ink/application/assistant/azure_assistant_api_service_test.dart: AzureAssistantRequest pdfContext is optional                                                            00:22 +97: /app/test/features/ink/application/assistant/azure_assistant_api_service_test.dart: AzureAssistantRequest pdfContext is optional                                                            00:22 +97: /app/test/features/ink/application/assistant/azure_assistant_api_service_test.dart: AzureAssistantRequest creates request with reasoningEffort                                              00:22 +98: /app/test/features/ink/application/assistant/azure_assistant_api_service_test.dart: AzureAssistantRequest creates request with reasoningEffort                                              00:22 +98: /app/test/features/ink/application/assistant/azure_assistant_api_service_test.dart: AzureAssistantPreparedRequest contains original request reference                                       00:22 +99: /app/test/features/ink/application/assistant/azure_assistant_api_service_test.dart: AzureAssistantPreparedRequest contains original request reference                                       00:22 +99: /app/test/features/ink/application/assistant/azure_assistant_api_service_test.dart: AzureAssistantResult wasTruncated is true when finishReason is length                                   00:22 +100: /app/test/features/ink/application/assistant/azure_assistant_api_service_test.dart: AzureAssistantResult wasTruncated is true when finishReason is length                                  00:22 +100: /app/test/features/ink/application/assistant/azure_assistant_api_service_test.dart: AzureAssistantResult wasTruncated is false when finishReason is stop                                   00:22 +101: /app/test/features/ink/application/assistant/azure_assistant_api_service_test.dart: AzureAssistantResult wasTruncated is false when finishReason is stop                                   00:22 +101: /app/test/features/ink/application/assistant/azure_assistant_api_service_test.dart: AzureAssistantResult wasTruncated is false when finishReason is null                                   00:22 +102: /app/test/features/ink/application/assistant/azure_assistant_api_service_test.dart: AzureAssistantResult wasTruncated is false when finishReason is null                                   00:22 +102: loading /app/test/features/ink/application/assistant/assistant_prompt_manager_test.dart                                                                                                    00:22 +102: /app/test/features/ink/application/assistant/assistant_prompt_manager_test.dart: AssistantPromptManager promptTemplateFor returns tip prompt for tip type                                  00:22 +103: /app/test/features/ink/application/assistant/assistant_prompt_manager_test.dart: AssistantPromptManager promptTemplateFor returns tip prompt for tip type                                  00:22 +103: /app/test/features/ink/application/assistant/assistant_prompt_manager_test.dart: AssistantPromptManager promptTemplateFor returns help prompt for help type                                00:22 +104: /app/test/features/ink/application/assistant/assistant_prompt_manager_test.dart: AssistantPromptManager promptTemplateFor returns help prompt for help type                                00:22 +104: /app/test/features/ink/application/assistant/assistant_prompt_manager_test.dart: AssistantPromptManager promptTemplateFor returns review prompt for review type                            00:22 +105: /app/test/features/ink/application/assistant/assistant_prompt_manager_test.dart: AssistantPromptManager promptTemplateFor returns review prompt for review type                            00:22 +105: /app/test/features/ink/application/assistant/assistant_prompt_manager_test.dart: AssistantPromptManager promptTemplateFor returns pdf extract prompt for pdfExtract type                   00:22 +106: /app/test/features/ink/application/assistant/assistant_prompt_manager_test.dart: AssistantPromptManager promptTemplateFor returns pdf extract prompt for pdfExtract type                   00:22 +106: /app/test/features/ink/application/assistant/assistant_prompt_manager_test.dart: AssistantPromptManager buildUserContent builds basic content without optional parameters                  00:22 +107: /app/test/features/ink/application/assistant/assistant_prompt_manager_test.dart: AssistantPromptManager buildUserContent builds basic content without optional parameters                  00:22 +107: /app/test/features/ink/application/assistant/assistant_prompt_manager_test.dart: AssistantPromptManager buildUserContent adds history summary when provided                                00:22 +108: /app/test/features/ink/application/assistant/assistant_prompt_manager_test.dart: AssistantPromptManager buildUserContent adds history summary when provided                                00:22 +108: /app/test/features/ink/application/assistant/assistant_prompt_manager_test.dart: AssistantPromptManager buildUserContent PDF text is no longer included in userContent                     00:22 +109: /app/test/features/ink/application/assistant/assistant_prompt_manager_test.dart: AssistantPromptManager buildUserContent PDF text is no longer included in userContent                     00:22 +109: /app/test/features/ink/application/assistant/assistant_prompt_manager_test.dart: AssistantPromptManager buildUserContent adds image when snapshot is provided                              00:22 +110: /app/test/features/ink/application/assistant/assistant_prompt_manager_test.dart: AssistantPromptManager buildUserContent adds image when snapshot is provided                              00:22 +110: /app/test/features/ink/application/assistant/assistant_prompt_manager_test.dart: AssistantPromptManager buildUserContent adds hint when clusters available but no snapshot                 00:22 +111: /app/test/features/ink/application/assistant/assistant_prompt_manager_test.dart: AssistantPromptManager buildUserContent adds hint when clusters available but no snapshot                 00:22 +111: /app/test/features/ink/application/assistant/assistant_prompt_manager_test.dart: AssistantPromptManager estimateTokenUsage estimates tokens for simple text                                00:22 +112: /app/test/features/ink/application/assistant/assistant_prompt_manager_test.dart: AssistantPromptManager estimateTokenUsage estimates tokens for simple text                                00:22 +112: /app/test/features/ink/application/assistant/assistant_prompt_manager_test.dart: AssistantPromptManager estimateTokenUsage includes history in estimation                                  00:22 +113: /app/test/features/ink/application/assistant/assistant_prompt_manager_test.dart: AssistantPromptManager estimateTokenUsage includes history in estimation                                  00:22 +113: /app/test/features/ink/application/assistant/assistant_prompt_manager_test.dart: AssistantPromptManager estimateTokenUsage includes image in estimation                                    00:22 +114: /app/test/features/ink/application/assistant/assistant_prompt_manager_test.dart: AssistantPromptManager estimateTokenUsage includes image in estimation                                    00:22 +114: /app/test/features/ink/application/assistant/assistant_prompt_manager_test.dart: AssistantPromptManager estimatePdfContextTokens returns 0 for null                                        00:22 +115: /app/test/features/ink/application/assistant/assistant_prompt_manager_test.dart: AssistantPromptManager estimatePdfContextTokens returns 0 for null                                        00:22 +115: /app/test/features/ink/application/assistant/assistant_prompt_manager_test.dart: AssistantPromptManager estimatePdfContextTokens returns 0 for empty string                                00:22 +116: /app/test/features/ink/application/assistant/assistant_prompt_manager_test.dart: AssistantPromptManager estimatePdfContextTokens returns 0 for empty string                                00:22 +116: /app/test/features/ink/application/assistant/assistant_prompt_manager_test.dart: AssistantPromptManager estimatePdfContextTokens estimates tokens for PDF text                             00:22 +117: /app/test/features/ink/application/assistant/assistant_prompt_manager_test.dart: AssistantPromptManager estimatePdfContextTokens estimates tokens for PDF text                             00:22 +117: /app/test/features/ink/application/assistant/assistant_prompt_manager_test.dart: AssistantPromptManager estimatePdfContextTokens PDF context tokens are calculated separately              00:22 +118: /app/test/features/ink/application/assistant/assistant_prompt_manager_test.dart: AssistantPromptManager estimatePdfContextTokens PDF context tokens are calculated separately              00:22 +118: /app/test/features/ink/application/assistant/assistant_prompt_manager_test.dart: AssistantPromptManager selectRecentHistory returns all messages when 5 or less                            00:22 +119: /app/test/features/ink/application/assistant/assistant_prompt_manager_test.dart: AssistantPromptManager selectRecentHistory returns all messages when 5 or less                            00:22 +119: /app/test/features/ink/application/assistant/assistant_prompt_manager_test.dart: AssistantPromptManager selectRecentHistory returns only last 5 when more available                        00:22 +120: /app/test/features/ink/application/assistant/assistant_prompt_manager_test.dart: AssistantPromptManager selectRecentHistory returns only last 5 when more available                        00:22 +120: /app/test/features/ink/application/assistant/assistant_prompt_manager_test.dart: AssistantPromptManager summarizeHistory returns null for empty history                                    00:22 +121: /app/test/features/ink/application/assistant/assistant_prompt_manager_test.dart: AssistantPromptManager summarizeHistory returns null for empty history                                    00:22 +121: /app/test/features/ink/application/assistant/assistant_prompt_manager_test.dart: AssistantPromptManager summarizeHistory summarizes single message                                         00:22 +122: /app/test/features/ink/application/assistant/assistant_prompt_manager_test.dart: AssistantPromptManager summarizeHistory summarizes single message                                         00:22 +122: /app/test/features/ink/application/assistant/assistant_prompt_manager_test.dart: AssistantPromptManager summarizeHistory separates multiple messages with ---                              00:22 +123: /app/test/features/ink/application/assistant/assistant_prompt_manager_test.dart: AssistantPromptManager summarizeHistory separates multiple messages with ---                              00:23 +123: /app/test/features/ink/application/assistant/assistant_prompt_manager_test.dart: AssistantPromptManager summarizeHistory separates multiple messages with ---                              00:23 +123: loading /app/test/features/ink/application/assistant/assistant_persona_test.dart                                                                                                           00:23 +123: /app/test/features/ink/application/assistant/assistant_persona_test.dart: AssistantPersonaType hat drei Werte                                                                              00:23 +124: /app/test/features/ink/application/assistant/assistant_persona_test.dart: AssistantPersonaType hat drei Werte                                                                              00:23 +124: /app/test/features/ink/application/assistant/assistant_persona_test.dart: AssistantPersonaConfig liefert kritischen Prompt für critical Typ                                                00:23 +125: /app/test/features/ink/application/assistant/assistant_persona_test.dart: AssistantPersonaConfig liefert kritischen Prompt für critical Typ                                                00:23 +125: /app/test/features/ink/application/assistant/assistant_persona_test.dart: AssistantPersonaConfig liefert lobenden Prompt für praising Typ                                                  00:23 +126: /app/test/features/ink/application/assistant/assistant_persona_test.dart: AssistantPersonaConfig liefert lobenden Prompt für praising Typ                                                  00:23 +126: /app/test/features/ink/application/assistant/assistant_persona_test.dart: AssistantPersonaConfig liefert benutzerdefinierten Prompt für custom Typ                                         00:23 +127: /app/test/features/ink/application/assistant/assistant_persona_test.dart: AssistantPersonaConfig liefert benutzerdefinierten Prompt für custom Typ                                         00:23 +127: /app/test/features/ink/application/assistant/assistant_persona_test.dart: AssistantPersonaConfig liefert Fallback-Prompt wenn custom ohne Prompt                                           00:23 +128: /app/test/features/ink/application/assistant/assistant_persona_test.dart: AssistantPersonaConfig liefert Fallback-Prompt wenn custom ohne Prompt                                           00:23 +128: /app/test/features/ink/application/assistant/assistant_persona_test.dart: AssistantPersonaConfig liefert Fallback-Prompt wenn custom mit leerem Prompt                                     00:23 +129: /app/test/features/ink/application/assistant/assistant_persona_test.dart: AssistantPersonaConfig liefert Fallback-Prompt wenn custom mit leerem Prompt                                     00:23 +129: /app/test/features/ink/application/assistant/assistant_persona_test.dart: AssistantPersonaConfig copyWith erstellt Kopie mit geänderten Werten                                             00:23 +130: /app/test/features/ink/application/assistant/assistant_persona_test.dart: AssistantPersonaConfig copyWith erstellt Kopie mit geänderten Werten                                             00:23 +130: /app/test/features/ink/application/assistant/assistant_persona_test.dart: AssistantPersonaConfig copyWith behält Werte wenn nicht übergeben                                                00:23 +131: /app/test/features/ink/application/assistant/assistant_persona_test.dart: AssistantPersonaConfig copyWith behält Werte wenn nicht übergeben                                                00:23 +131: /app/test/features/ink/application/assistant/assistant_persona_test.dart: AssistantPersonaConfig equality prüft type und customPrompt                                                      00:23 +132: /app/test/features/ink/application/assistant/assistant_persona_test.dart: AssistantPersonaConfig equality prüft type und customPrompt                                                      00:23 +132: /app/test/features/ink/application/assistant/assistant_persona_test.dart: AssistantPersonaConfig hashCode ist konsistent mit equality                                                      00:23 +133: /app/test/features/ink/application/assistant/assistant_persona_test.dart: AssistantPersonaConfig hashCode ist konsistent mit equality                                                      00:23 +133: /app/test/features/ink/application/assistant/assistant_persona_test.dart: AssistantPersonaConfig alle Prompts enthalten LaTeX-Hinweis                                                      00:23 +134: /app/test/features/ink/application/assistant/assistant_persona_test.dart: AssistantPersonaConfig alle Prompts enthalten LaTeX-Hinweis                                                      00:24 +134: /app/test/features/ink/application/assistant/assistant_persona_test.dart: AssistantPersonaConfig alle Prompts enthalten LaTeX-Hinweis                                                      00:24 +134: loading /app/test/features/ink/application/ink_notes_controller_test.dart                                                                                                                  00:24 +134: /app/test/features/ink/application/ink_notes_controller_test.dart: InkNotesController sync lädt Appwrite-Notizen und lädt lokale Entwürfe hoch                                             00:24 +134: /app/test/features/ink/application/ink_notes_controller_test.dart: InkNotesController sync lädt Appwrite-Notizen und lädt lokale Entwürfe hoch
[InkNotesController] notifyListeners called
[InkNotesController] notifyListeners called
[InkNotesController] notifyListeners called
[InkNotesController] notifyListeners called
00:24 +135: /app/test/features/ink/application/ink_notes_controller_test.dart: InkNotesController sync lädt Appwrite-Notizen und lädt lokale Entwürfe hoch                                             00:24 +135: /app/test/features/ink/application/ink_notes_controller_test.dart: InkNotesController sync reagiert auf Echtzeit-Updates                                                                   00:24 +135: /app/test/features/ink/application/ink_notes_controller_test.dart: InkNotesController sync reagiert auf Echtzeit-Updates
[InkNotesController] notifyListeners called
[InkNotesController] notifyListeners called
[InkNotesController] notifyListeners called
[InkNotesController] notifyListeners called
00:24 +136: /app/test/features/ink/application/ink_notes_controller_test.dart: InkNotesController sync reagiert auf Echtzeit-Updates                                                                   00:24 +136: /app/test/features/ink/application/ink_notes_controller_test.dart: InkNotesController sync löscht Notiz und synchronisiert mit Backend                                                     00:24 +136: /app/test/features/ink/application/ink_notes_controller_test.dart: InkNotesController sync löscht Notiz und synchronisiert mit Backend
[InkNotesController] notifyListeners called
[InkNotesController] notifyListeners called
[InkNotesController] notifyListeners called
[InkNotesController] notifyListeners called
[InkNotesController] notifyListeners called
00:24 +137: /app/test/features/ink/application/ink_notes_controller_test.dart: InkNotesController sync löscht Notiz und synchronisiert mit Backend                                                     00:24 +137: /app/test/features/ink/application/ink_notes_controller_test.dart: InkNotesController sync führt Seitenänderungen über Debounce zusammen                                                   00:24 +137: /app/test/features/ink/application/ink_notes_controller_test.dart: InkNotesController sync führt Seitenänderungen über Debounce zusammen
[InkNotesController] notifyListeners called
[InkNotesController] notifyListeners called
[InkNotesController] notifyListeners called
[InkNotesController] notifyListeners called
[InkNotesController] notifyListeners called
00:25 +138: /app/test/features/ink/application/ink_notes_controller_test.dart: InkNotesController sync führt Seitenänderungen über Debounce zusammen                                                   00:25 +138: /app/test/features/ink/application/ink_notes_controller_test.dart: InkNotesController sync Metadatenänderung synchronisiert ohne Seitenpayload                                             00:25 +138: /app/test/features/ink/application/ink_notes_controller_test.dart: InkNotesController sync Metadatenänderung synchronisiert ohne Seitenpayload
[InkNotesController] notifyListeners called
[InkNotesController] notifyListeners called
[InkNotesController] notifyListeners called
[InkNotesController] notifyListeners called
00:25 +139: /app/test/features/ink/application/ink_notes_controller_test.dart: InkNotesController sync Metadatenänderung synchronisiert ohne Seitenpayload                                             00:25 +139: loading /app/test/features/ink/application/drawing_note_controller_test.dart                                                                                                               00:25 +139: /app/test/features/ink/application/drawing_note_controller_test.dart: (setUpAll)                                                                                                           00:25 +139: /app/test/features/ink/application/drawing_note_controller_test.dart: DrawingNoteController Initialization initializes with note from InkNotesController                                   00:25 +140: /app/test/features/ink/application/drawing_note_controller_test.dart: DrawingNoteController Initialization initializes with note from InkNotesController                                   00:25 +140: /app/test/features/ink/application/drawing_note_controller_test.dart: DrawingNoteController Initialization creates placeholder note if not found                                           00:25 +141: /app/test/features/ink/application/drawing_note_controller_test.dart: DrawingNoteController Initialization creates placeholder note if not found                                           00:25 +141: /app/test/features/ink/application/drawing_note_controller_test.dart: Tool Management selectTool updates selectedToolId and persists it                                                    00:25 +142: /app/test/features/ink/application/drawing_note_controller_test.dart: Tool Management selectTool updates selectedToolId and persists it                                                    00:25 +142: /app/test/features/ink/application/drawing_note_controller_test.dart: Tool Management addTool adds a new tool and selects it                                                               00:25 +143: /app/test/features/ink/application/drawing_note_controller_test.dart: Tool Management addTool adds a new tool and selects it                                                               00:25 +143: /app/test/features/ink/application/drawing_note_controller_test.dart: Tool Management removeTool removes tool and selects default if needed                                                00:25 +144: /app/test/features/ink/application/drawing_note_controller_test.dart: Tool Management removeTool removes tool and selects default if needed                                                00:25 +144: /app/test/features/ink/application/drawing_note_controller_test.dart: Navigation and Persistence setCurrentPage persists current strokes and switches page                                 00:25 +145: /app/test/features/ink/application/drawing_note_controller_test.dart: Navigation and Persistence setCurrentPage persists current strokes and switches page                                 00:25 +145: /app/test/features/ink/application/drawing_note_controller_test.dart: Navigation and Persistence addPageAfterCurrent inserts page and switches to it                                       00:25 +146: /app/test/features/ink/application/drawing_note_controller_test.dart: Navigation and Persistence addPageAfterCurrent inserts page and switches to it                                       00:25 +146: /app/test/features/ink/application/drawing_note_controller_test.dart: Metadata Updates updateMetadata updates title and paper style                                                        00:25 +147: /app/test/features/ink/application/drawing_note_controller_test.dart: Metadata Updates updateMetadata updates title and paper style                                                        00:25 +147: /app/test/features/ink/application/drawing_note_controller_test.dart: Assistant Integration appendAssistantMessage adds message to history                                                 00:25 +148: /app/test/features/ink/application/drawing_note_controller_test.dart: Assistant Integration appendAssistantMessage adds message to history                                                 00:25 +148: /app/test/features/ink/application/drawing_note_controller_test.dart: (tearDownAll)                                                                                                        00:26 +148: /app/test/features/ink/application/drawing_note_controller_test.dart: (tearDownAll)                                                                                                        00:27 +148: /app/test/features/ink/application/drawing_note_controller_test.dart: (tearDownAll)                                                                                                        00:27 +148: loading /app/test/features/ink/domain/drawing_tool_test.dart                                                                                                                               00:27 +148: /app/test/features/ink/domain/drawing_tool_test.dart: DrawingTool constructor creates tool with required properties                                                                        00:27 +149: /app/test/features/ink/domain/drawing_tool_test.dart: DrawingTool constructor creates tool with required properties                                                                        00:27 +149: /app/test/features/ink/domain/drawing_tool_test.dart: DrawingTool constructor has default values for optional properties                                                                   00:27 +150: /app/test/features/ink/domain/drawing_tool_test.dart: DrawingTool constructor has default values for optional properties                                                                   00:27 +150: /app/test/features/ink/domain/drawing_tool_test.dart: DrawingTool constructor can create highlighter                                                                                       00:27 +151: /app/test/features/ink/domain/drawing_tool_test.dart: DrawingTool constructor can create highlighter                                                                                       00:27 +151: /app/test/features/ink/domain/drawing_tool_test.dart: DrawingTool constructor can create eraser                                                                                            00:27 +152: /app/test/features/ink/domain/drawing_tool_test.dart: DrawingTool constructor can create eraser                                                                                            00:27 +152: /app/test/features/ink/domain/drawing_tool_test.dart: DrawingTool copyWith copies with new label                                                                                           00:27 +153: /app/test/features/ink/domain/drawing_tool_test.dart: DrawingTool copyWith copies with new label                                                                                           00:27 +153: /app/test/features/ink/domain/drawing_tool_test.dart: DrawingTool copyWith copies with new color                                                                                           00:27 +154: /app/test/features/ink/domain/drawing_tool_test.dart: DrawingTool copyWith copies with new color                                                                                           00:27 +154: /app/test/features/ink/domain/drawing_tool_test.dart: DrawingTool copyWith copies with new baseWidth                                                                                       00:27 +155: /app/test/features/ink/domain/drawing_tool_test.dart: DrawingTool copyWith copies with new baseWidth                                                                                       00:27 +155: /app/test/features/ink/domain/drawing_tool_test.dart: DrawingTool copyWith preserves id                                                                                                    00:27 +156: /app/test/features/ink/domain/drawing_tool_test.dart: DrawingTool copyWith preserves id                                                                                                    00:27 +156: /app/test/features/ink/domain/drawing_tool_test.dart: DrawingTool toJson serializes all properties                                                                                         00:27 +157: /app/test/features/ink/domain/drawing_tool_test.dart: DrawingTool toJson serializes all properties                                                                                         00:27 +157: /app/test/features/ink/domain/drawing_tool_test.dart: DrawingTool toJson serializes color as ARGB32                                                                                        00:27 +158: /app/test/features/ink/domain/drawing_tool_test.dart: DrawingTool toJson serializes color as ARGB32                                                                                        00:27 +158: /app/test/features/ink/domain/drawing_tool_test.dart: DrawingTool fromJson deserializes all properties                                                                                     00:27 +159: /app/test/features/ink/domain/drawing_tool_test.dart: DrawingTool fromJson deserializes all properties                                                                                     00:27 +159: /app/test/features/ink/domain/drawing_tool_test.dart: DrawingTool fromJson handles missing optional properties with defaults                                                               00:27 +160: /app/test/features/ink/domain/drawing_tool_test.dart: DrawingTool fromJson handles missing optional properties with defaults                                                               00:27 +160: /app/test/features/ink/domain/drawing_tool_test.dart: DrawingTool fromJson roundtrip preserves data                                                                                        00:27 +161: /app/test/features/ink/domain/drawing_tool_test.dart: DrawingTool fromJson roundtrip preserves data                                                                                        00:27 +161: /app/test/features/ink/domain/drawing_tool_test.dart: DrawingToolDefaults palette contains 6 tools                                                                                         00:27 +162: /app/test/features/ink/domain/drawing_tool_test.dart: DrawingToolDefaults palette contains 6 tools                                                                                         00:27 +162: /app/test/features/ink/domain/drawing_tool_test.dart: DrawingToolDefaults palette has unique ids                                                                                           00:27 +163: /app/test/features/ink/domain/drawing_tool_test.dart: DrawingToolDefaults palette has unique ids                                                                                           00:27 +163: /app/test/features/ink/domain/drawing_tool_test.dart: DrawingToolDefaults palette contains eraser                                                                                          00:27 +164: /app/test/features/ink/domain/drawing_tool_test.dart: DrawingToolDefaults palette contains eraser                                                                                          00:27 +164: /app/test/features/ink/domain/drawing_tool_test.dart: DrawingToolDefaults palette contains highlighters                                                                                    00:27 +165: /app/test/features/ink/domain/drawing_tool_test.dart: DrawingToolDefaults palette contains highlighters                                                                                    00:27 +165: loading /app/test/features/ink/domain/ink_note_test.dart                                                                                                                                   00:27 +165: /app/test/features/ink/domain/ink_note_test.dart: InkNote empty factory creates note with generated id from timestamp                                                                      00:27 +166: /app/test/features/ink/domain/ink_note_test.dart: InkNote empty factory creates note with generated id from timestamp                                                                      00:27 +166: /app/test/features/ink/domain/ink_note_test.dart: InkNote empty factory creates note with custom id                                                                                        00:27 +167: /app/test/features/ink/domain/ink_note_test.dart: InkNote empty factory creates note with custom id                                                                                        00:27 +167: /app/test/features/ink/domain/ink_note_test.dart: InkNote empty factory creates note with auto-generated title                                                                             00:27 +168: /app/test/features/ink/domain/ink_note_test.dart: InkNote empty factory creates note with auto-generated title                                                                             00:27 +168: /app/test/features/ink/domain/ink_note_test.dart: InkNote empty factory creates note with custom title                                                                                     00:27 +169: /app/test/features/ink/domain/ink_note_test.dart: InkNote empty factory creates note with custom title                                                                                     00:27 +169: /app/test/features/ink/domain/ink_note_test.dart: InkNote empty factory creates note with one empty page                                                                                   00:27 +170: /app/test/features/ink/domain/ink_note_test.dart: InkNote empty factory creates note with one empty page                                                                                   00:27 +170: /app/test/features/ink/domain/ink_note_test.dart: InkNote empty factory creates note with default paper style                                                                              00:27 +171: /app/test/features/ink/domain/ink_note_test.dart: InkNote empty factory creates note with default paper style                                                                              00:27 +171: /app/test/features/ink/domain/ink_note_test.dart: InkNote empty factory creates note with custom paper style                                                                               00:27 +172: /app/test/features/ink/domain/ink_note_test.dart: InkNote empty factory creates note with custom paper style                                                                               00:27 +172: /app/test/features/ink/domain/ink_note_test.dart: InkNote empty factory sets lastOpenedPageIndex to 0                                                                                      00:27 +173: /app/test/features/ink/domain/ink_note_test.dart: InkNote empty factory sets lastOpenedPageIndex to 0                                                                                      00:27 +173: /app/test/features/ink/domain/ink_note_test.dart: InkNote generateTitle formats date and time correctly                                                                                    00:27 +174: /app/test/features/ink/domain/ink_note_test.dart: InkNote generateTitle formats date and time correctly                                                                                    00:27 +174: /app/test/features/ink/domain/ink_note_test.dart: InkNote generateTitle pads month and day                                                                                                 00:27 +175: /app/test/features/ink/domain/ink_note_test.dart: InkNote generateTitle pads month and day                                                                                                 00:27 +175: /app/test/features/ink/domain/ink_note_test.dart: InkNote currentPage returns first page for empty lastOpenedPageIndex                                                                     00:27 +176: /app/test/features/ink/domain/ink_note_test.dart: InkNote currentPage returns first page for empty lastOpenedPageIndex                                                                     00:27 +176: /app/test/features/ink/domain/ink_note_test.dart: InkNote currentPage returns correct page for lastOpenedPageIndex                                                                         00:27 +177: /app/test/features/ink/domain/ink_note_test.dart: InkNote currentPage returns correct page for lastOpenedPageIndex                                                                         00:27 +177: /app/test/features/ink/domain/ink_note_test.dart: InkNote currentPage clamps index to valid range                                                                                          00:27 +178: /app/test/features/ink/domain/ink_note_test.dart: InkNote currentPage clamps index to valid range                                                                                          00:27 +178: /app/test/features/ink/domain/ink_note_test.dart: InkNote currentPage returns empty page when pages list is empty                                                                          00:27 +179: /app/test/features/ink/domain/ink_note_test.dart: InkNote currentPage returns empty page when pages list is empty                                                                          00:27 +179: /app/test/features/ink/domain/ink_note_test.dart: InkNote copyWith copies with new title                                                                                                   00:27 +180: /app/test/features/ink/domain/ink_note_test.dart: InkNote copyWith copies with new title                                                                                                   00:27 +180: /app/test/features/ink/domain/ink_note_test.dart: InkNote copyWith copies with new paper style                                                                                             00:27 +181: /app/test/features/ink/domain/ink_note_test.dart: InkNote copyWith copies with new paper style                                                                                             00:27 +181: /app/test/features/ink/domain/ink_note_test.dart: InkNote copyWith copies with new lastOpenedPageIndex                                                                                     00:27 +182: /app/test/features/ink/domain/ink_note_test.dart: InkNote copyWith copies with new lastOpenedPageIndex                                                                                     00:27 +182: /app/test/features/ink/domain/ink_note_test.dart: InkNote copyWith preserves id                                                                                                            00:27 +183: /app/test/features/ink/domain/ink_note_test.dart: InkNote copyWith preserves id                                                                                                            00:28 +183: /app/test/features/ink/domain/ink_note_test.dart: InkNote copyWith preserves id                                                                                                            00:28 +183: loading /app/test/features/ink/domain/note_paper_style_test.dart                                                                                                                           00:28 +183: /app/test/features/ink/domain/note_paper_style_test.dart: NotePaperStyle has four styles                                                                                                   00:28 +184: /app/test/features/ink/domain/note_paper_style_test.dart: NotePaperStyle has four styles                                                                                                   00:28 +184: /app/test/features/ink/domain/note_paper_style_test.dart: NotePaperStyle plain has correct label and icon                                                                                  00:28 +185: /app/test/features/ink/domain/note_paper_style_test.dart: NotePaperStyle plain has correct label and icon                                                                                  00:28 +185: /app/test/features/ink/domain/note_paper_style_test.dart: NotePaperStyle lined has correct label and icon                                                                                  00:28 +186: /app/test/features/ink/domain/note_paper_style_test.dart: NotePaperStyle lined has correct label and icon                                                                                  00:28 +186: /app/test/features/ink/domain/note_paper_style_test.dart: NotePaperStyle grid has correct label and icon                                                                                   00:28 +187: /app/test/features/ink/domain/note_paper_style_test.dart: NotePaperStyle grid has correct label and icon                                                                                   00:28 +187: /app/test/features/ink/domain/note_paper_style_test.dart: NotePaperStyle dotted has correct label and icon                                                                                 00:28 +188: /app/test/features/ink/domain/note_paper_style_test.dart: NotePaperStyle dotted has correct label and icon                                                                                 00:28 +188: loading /app/test/features/ink/domain/assistant_message_test.dart                                                                                                                          00:28 +188: /app/test/features/ink/domain/assistant_message_test.dart: AssistantMessage constructor creates message with required properties                                                           00:28 +189: /app/test/features/ink/domain/assistant_message_test.dart: AssistantMessage constructor creates message with required properties                                                           00:28 +189: /app/test/features/ink/domain/assistant_message_test.dart: AssistantMessage constructor has null visionDescription by default                                                              00:28 +190: /app/test/features/ink/domain/assistant_message_test.dart: AssistantMessage constructor has null visionDescription by default                                                              00:28 +190: /app/test/features/ink/domain/assistant_message_test.dart: AssistantMessage constructor has false reusedCachedDescription by default                                                       00:28 +191: /app/test/features/ink/domain/assistant_message_test.dart: AssistantMessage constructor has false reusedCachedDescription by default                                                       00:28 +191: /app/test/features/ink/domain/assistant_message_test.dart: AssistantMessage constructor can set all optional properties                                                                    00:28 +192: /app/test/features/ink/domain/assistant_message_test.dart: AssistantMessage constructor can set all optional properties                                                                    00:28 +192: /app/test/features/ink/domain/assistant_message_test.dart: AssistantMessage copyWith copies with new question                                                                              00:28 +193: /app/test/features/ink/domain/assistant_message_test.dart: AssistantMessage copyWith copies with new question                                                                              00:28 +193: /app/test/features/ink/domain/assistant_message_test.dart: AssistantMessage copyWith copies with new answer                                                                                00:28 +194: /app/test/features/ink/domain/assistant_message_test.dart: AssistantMessage copyWith copies with new answer                                                                                00:28 +194: /app/test/features/ink/domain/assistant_message_test.dart: AssistantMessage copyWith copies with new visionDescription                                                                     00:28 +195: /app/test/features/ink/domain/assistant_message_test.dart: AssistantMessage copyWith copies with new visionDescription                                                                     00:28 +195: /app/test/features/ink/domain/assistant_message_test.dart: AssistantMessage copyWith can set visionDescription to null                                                                     00:28 +196: /app/test/features/ink/domain/assistant_message_test.dart: AssistantMessage copyWith can set visionDescription to null                                                                     00:28 +196: /app/test/features/ink/domain/assistant_message_test.dart: AssistantMessage toJson serializes all properties                                                                               00:28 +197: /app/test/features/ink/domain/assistant_message_test.dart: AssistantMessage toJson serializes all properties                                                                               00:28 +197: /app/test/features/ink/domain/assistant_message_test.dart: AssistantMessage toJson serializes null visionDescription                                                                       00:28 +198: /app/test/features/ink/domain/assistant_message_test.dart: AssistantMessage toJson serializes null visionDescription                                                                       00:28 +198: /app/test/features/ink/domain/assistant_message_test.dart: AssistantMessage fromJson deserializes all properties                                                                           00:28 +199: /app/test/features/ink/domain/assistant_message_test.dart: AssistantMessage fromJson deserializes all properties                                                                           00:28 +199: /app/test/features/ink/domain/assistant_message_test.dart: AssistantMessage fromJson handles empty question                                                                                00:28 +200: /app/test/features/ink/domain/assistant_message_test.dart: AssistantMessage fromJson handles empty question                                                                                00:28 +200: /app/test/features/ink/domain/assistant_message_test.dart: AssistantMessage fromJson handles missing question                                                                              00:28 +201: /app/test/features/ink/domain/assistant_message_test.dart: AssistantMessage fromJson handles missing question                                                                              00:28 +201: /app/test/features/ink/domain/assistant_message_test.dart: AssistantMessage fromJson handles empty vision_description as null                                                              00:28 +202: /app/test/features/ink/domain/assistant_message_test.dart: AssistantMessage fromJson handles empty vision_description as null                                                              00:28 +202: /app/test/features/ink/domain/assistant_message_test.dart: AssistantMessage fromJson handles created_at as int (milliseconds)                                                              00:28 +203: /app/test/features/ink/domain/assistant_message_test.dart: AssistantMessage fromJson handles created_at as int (milliseconds)                                                              00:28 +203: /app/test/features/ink/domain/assistant_message_test.dart: AssistantMessage fromJson handles reused_cached_description as number                                                           00:28 +204: /app/test/features/ink/domain/assistant_message_test.dart: AssistantMessage fromJson handles reused_cached_description as number                                                           00:28 +204: /app/test/features/ink/domain/assistant_message_test.dart: AssistantMessage fromJson roundtrip preserves data                                                                              00:28 +205: /app/test/features/ink/domain/assistant_message_test.dart: AssistantMessage fromJson roundtrip preserves data                                                                              00:29 +205: /app/test/features/ink/domain/assistant_message_test.dart: AssistantMessage fromJson roundtrip preserves data                                                                              00:29 +205: loading /app/test/features/ink/presentation/widgets/math_rich_text_test.dart                                                                                                               00:29 +205: /app/test/features/ink/presentation/widgets/math_rich_text_test.dart: MathRichText renders plain text without LaTeX                                                                        00:30 +205: /app/test/features/ink/presentation/widgets/math_rich_text_test.dart: MathRichText renders plain text without LaTeX                                                                        00:30 +206: /app/test/features/ink/presentation/widgets/math_rich_text_test.dart: MathRichText renders plain text without LaTeX                                                                        00:30 +207: /app/test/features/ink/presentation/widgets/note_metadata_dialog_test.dart: showNoteMetadataDialog shows dialog with initial values                                                        00:30 +208: /app/test/features/ink/presentation/widgets/note_metadata_dialog_test.dart: showNoteMetadataDialog shows dialog with initial values                                                        00:30 +209: /app/test/features/ink/presentation/widgets/note_metadata_dialog_test.dart: showNoteMetadataDialog shows dialog with initial values                                                        00:30 +210: /app/test/features/ink/presentation/widgets/note_metadata_dialog_test.dart: showNoteMetadataDialog shows dialog with initial values                                                        00:31 +210: /app/test/features/ink/presentation/widgets/note_metadata_dialog_test.dart: showNoteMetadataDialog shows dialog with initial values                                                        00:31 +211: /app/test/features/ink/presentation/widgets/note_metadata_dialog_test.dart: showNoteMetadataDialog shows dialog with initial values                                                        00:31 +212: /app/test/features/ink/presentation/widgets/note_metadata_dialog_test.dart: showNoteMetadataDialog shows dialog with initial values                                                        00:32 +212: /app/test/features/ink/presentation/widgets/note_metadata_dialog_test.dart: showNoteMetadataDialog shows dialog with initial values                                                        00:33 +212: /app/test/features/ink/presentation/widgets/note_metadata_dialog_test.dart: showNoteMetadataDialog shows dialog with initial values                                                        00:33 +213: /app/test/features/ink/presentation/drawing_note/widgets/note_paper_background_test.dart: NotePaperBackground renders child widget                                                         00:33 +214: /app/test/features/ink/presentation/drawing_note/widgets/note_paper_background_test.dart: NotePaperBackground renders child widget                                                         00:33 +215: /app/test/features/ink/presentation/drawing_note/widgets/note_paper_background_test.dart: NotePaperBackground renders child widget                                                         00:34 +215: /app/test/features/ink/presentation/drawing_note/widgets/note_paper_background_test.dart: NotePaperBackground renders child widget                                                         00:34 +216: /app/test/features/ink/presentation/widgets/note_metadata_dialog_test.dart: showNoteMetadataDialog can close dialog with close icon                                                        00:34 +217: /app/test/features/ink/presentation/widgets/note_metadata_dialog_test.dart: showNoteMetadataDialog can close dialog with close icon                                                        00:34 +218: /app/test/features/ink/presentation/drawing_note/widgets/note_paper_background_test.dart: NotePaperBackground renders with lined style                                                     00:34 +219: /app/test/features/ink/presentation/widgets/note_metadata_dialog_test.dart: showNoteMetadataDialog shows all paper style options                                                           00:34 +220: /app/test/features/ink/presentation/widgets/note_metadata_dialog_test.dart: showNoteMetadataDialog shows all paper style options                                                           00:34 +221: /app/test/features/ink/presentation/widgets/note_metadata_dialog_test.dart: showNoteMetadataDialog shows all paper style options                                                           00:34 +222: /app/test/features/ink/presentation/widgets/note_metadata_dialog_test.dart: showNoteMetadataDialog shows all paper style options                                                           00:34 +223: /app/test/features/ink/presentation/widgets/note_metadata_dialog_test.dart: showNoteMetadataDialog shows all paper style options                                                           00:34 +224: /app/test/features/ink/presentation/widgets/note_metadata_dialog_test.dart: showNoteMetadataDialog shows all paper style options                                                           00:34 +224: /app/test/features/ink/presentation/widgets/note_metadata_dialog_test.dart: showNoteMetadataDialog can enter title text                                                                    00:34 +225: /app/test/features/ink/presentation/widgets/note_metadata_dialog_test.dart: showNoteMetadataDialog can enter title text                                                                    00:34 +225: /app/test/features/ink/presentation/widgets/note_metadata_dialog_test.dart: (tearDownAll)                                                                                                  00:35 +225: /app/test/features/ink/presentation/widgets/note_metadata_dialog_test.dart: (tearDownAll)                                                                                                  00:35 +225: loading /app/test/features/ink/presentation/drawing_note/widgets/drawing_tool_palette_test.dart                                                                                            00:35 +225: /app/test/features/ink/presentation/drawing_note/widgets/drawing_tool_palette_test.dart: DrawingToolPalette renders all tools                                                              00:36 +225: /app/test/features/ink/presentation/drawing_note/widgets/drawing_tool_palette_test.dart: DrawingToolPalette renders all tools                                                              00:36 +226: /app/test/features/ink/presentation/drawing_note/widgets/drawing_canvas_test.dart: DrawingCanvas rendert korrekt mit Standardparametern                                                    00:36 +227: /app/test/features/ink/presentation/drawing_note/widgets/drawing_canvas_test.dart: DrawingCanvas rendert korrekt mit Standardparametern                                                    00:36 +228: /app/test/features/ink/presentation/drawing_note/widgets/drawing_canvas_test.dart: DrawingCanvas rendert korrekt mit Standardparametern                                                    00:36 +229: /app/test/features/ink/presentation/drawing_note/widgets/drawing_canvas_test.dart: DrawingCanvas rendert korrekt mit Standardparametern                                                    00:36 +230: /app/test/features/ink/presentation/drawing_note/widgets/drawing_canvas_test.dart: DrawingCanvas rendert korrekt mit Standardparametern                                                    00:36 +231: /app/test/features/ink/presentation/drawing_note/widgets/drawing_canvas_test.dart: DrawingCanvas rendert korrekt mit Standardparametern                                                    00:36 +232: /app/test/features/ink/presentation/drawing_note/widgets/drawing_canvas_test.dart: DrawingCanvas rendert korrekt mit Standardparametern                                                    00:36 +233: /app/test/features/ink/presentation/drawing_note/widgets/drawing_canvas_test.dart: DrawingCanvas rendert korrekt mit Standardparametern                                                    00:36 +233: /app/test/features/ink/presentation/drawing_note/widgets/drawing_canvas_test.dart: DrawingCanvas zeichnet Strich bei Touch-Eingabe                                                         00:37 +233: /app/test/features/ink/presentation/drawing_note/widgets/drawing_canvas_test.dart: DrawingCanvas zeichnet Strich bei Touch-Eingabe                                                         00:37 +234: /app/test/features/ink/presentation/drawing_note/widgets/drawing_canvas_test.dart: DrawingCanvas zeichnet Strich bei Touch-Eingabe                                                         00:37 +234: /app/test/features/ink/presentation/drawing_note/widgets/drawing_canvas_test.dart: DrawingCanvas handhabt Zwei-Finger-Tap für Undo                                                         00:37 +235: /app/test/features/ink/presentation/drawing_note/widgets/drawing_canvas_test.dart: DrawingCanvas handhabt Zwei-Finger-Tap für Undo                                                         00:37 +235: /app/test/features/ink/presentation/drawing_note/widgets/drawing_canvas_test.dart: DrawingCanvas handhabt Drei-Finger-Tap für Redo                                                         00:37 +236: /app/test/features/ink/presentation/drawing_note/widgets/drawing_canvas_test.dart: DrawingCanvas handhabt Drei-Finger-Tap für Redo                                                         00:37 +236: /app/test/features/ink/presentation/drawing_note/widgets/drawing_canvas_test.dart: DrawingCanvas konfiguriert InteractiveViewer ohne Zoom                                                  00:37 +237: /app/test/features/ink/presentation/drawing_note/widgets/drawing_canvas_test.dart: DrawingCanvas konfiguriert InteractiveViewer ohne Zoom                                                  00:37 +237: /app/test/features/ink/presentation/drawing_note/widgets/drawing_canvas_test.dart: DrawingCanvas scrollt automatisch bei tiefen Inhalten                                                   00:37 +238: /app/test/features/ink/presentation/drawing_note/widgets/drawing_canvas_test.dart: DrawingCanvas scrollt automatisch bei tiefen Inhalten                                                   00:37 +238: All tests passed!
